// Jest Snapshot v1, https://goo.gl/fbAQLP

exports[`AccountsPage renders correctly 1`] = `
ShallowWrapper {
  "length": 1,
  Symbol(enzyme.__root__): [Circular],
  Symbol(enzyme.__unrendered__): <AccountsPage
    classes={
      Object {
        "button": "AccountsPage-button-4",
        "buttonIcon": "AccountsPage-buttonIcon-5",
        "firstCell": "AccountsPage-firstCell-2",
        "lastCell": "AccountsPage-lastCell-3",
        "table": "AccountsPage-table-1",
      }
    }
  />,
  Symbol(enzyme.__renderer__): Object {
    "batchedUpdates": [Function],
    "getNode": [Function],
    "render": [Function],
    "simulateEvent": [Function],
    "unmount": [Function],
  },
  Symbol(enzyme.__node__): Object {
    "instance": null,
    "key": undefined,
    "nodeType": "class",
    "props": Object {
      "children": Array [
        <WithStyles(Typography)
          component="h3"
          variant="headline"
        >
          Accounts
        </WithStyles(Typography)>,
        <WithStyles(Button)
          className="AccountsPage-button-4"
          color="secondary"
          variant="raised"
        >
          Add new
          <pure(PersonAdd)
            className="AccountsPage-buttonIcon-5"
          />
        </WithStyles(Button)>,
        false,
        undefined,
        <WithStyles(Typography)
          variant="display3"
        >
          No accounts
        </WithStyles(Typography)>,
        <WithStyles(Snackbar)
          action={
            <WithStyles(IconButton)
              color="inherit"
              onClick={[Function]}
            >
              <pure(Close) />
            </WithStyles(IconButton)>
          }
          autoHideDuration={3000}
          message=""
          onClose={[Function]}
          open={false}
        />,
      ],
    },
    "ref": null,
    "rendered": Array [
      Object {
        "instance": null,
        "key": undefined,
        "nodeType": "class",
        "props": Object {
          "children": "Accounts",
          "component": "h3",
          "variant": "headline",
        },
        "ref": null,
        "rendered": "Accounts",
        "type": [Function],
      },
      Object {
        "instance": null,
        "key": undefined,
        "nodeType": "class",
        "props": Object {
          "children": Array [
            "Add new",
            <pure(PersonAdd)
              className="AccountsPage-buttonIcon-5"
            />,
          ],
          "className": "AccountsPage-button-4",
          "color": "secondary",
          "variant": "raised",
        },
        "ref": null,
        "rendered": Array [
          "Add new",
          Object {
            "instance": null,
            "key": undefined,
            "nodeType": "class",
            "props": Object {
              "className": "AccountsPage-buttonIcon-5",
            },
            "ref": null,
            "rendered": null,
            "type": [Function],
          },
        ],
        "type": [Function],
      },
      false,
      undefined,
      Object {
        "instance": null,
        "key": undefined,
        "nodeType": "class",
        "props": Object {
          "children": "No accounts",
          "variant": "display3",
        },
        "ref": null,
        "rendered": "No accounts",
        "type": [Function],
      },
      Object {
        "instance": null,
        "key": undefined,
        "nodeType": "class",
        "props": Object {
          "action": <WithStyles(IconButton)
            color="inherit"
            onClick={[Function]}
          >
            <pure(Close) />
          </WithStyles(IconButton)>,
          "autoHideDuration": 3000,
          "message": "",
          "onClose": [Function],
          "open": false,
        },
        "ref": null,
        "rendered": null,
        "type": [Function],
      },
    ],
    "type": [Function],
  },
  Symbol(enzyme.__nodes__): Array [
    Object {
      "instance": null,
      "key": undefined,
      "nodeType": "class",
      "props": Object {
        "children": Array [
          <WithStyles(Typography)
            component="h3"
            variant="headline"
          >
            Accounts
          </WithStyles(Typography)>,
          <WithStyles(Button)
            className="AccountsPage-button-4"
            color="secondary"
            variant="raised"
          >
            Add new
            <pure(PersonAdd)
              className="AccountsPage-buttonIcon-5"
            />
          </WithStyles(Button)>,
          false,
          undefined,
          <WithStyles(Typography)
            variant="display3"
          >
            No accounts
          </WithStyles(Typography)>,
          <WithStyles(Snackbar)
            action={
              <WithStyles(IconButton)
                color="inherit"
                onClick={[Function]}
              >
                <pure(Close) />
              </WithStyles(IconButton)>
            }
            autoHideDuration={3000}
            message=""
            onClose={[Function]}
            open={false}
          />,
        ],
      },
      "ref": null,
      "rendered": Array [
        Object {
          "instance": null,
          "key": undefined,
          "nodeType": "class",
          "props": Object {
            "children": "Accounts",
            "component": "h3",
            "variant": "headline",
          },
          "ref": null,
          "rendered": "Accounts",
          "type": [Function],
        },
        Object {
          "instance": null,
          "key": undefined,
          "nodeType": "class",
          "props": Object {
            "children": Array [
              "Add new",
              <pure(PersonAdd)
                className="AccountsPage-buttonIcon-5"
              />,
            ],
            "className": "AccountsPage-button-4",
            "color": "secondary",
            "variant": "raised",
          },
          "ref": null,
          "rendered": Array [
            "Add new",
            Object {
              "instance": null,
              "key": undefined,
              "nodeType": "class",
              "props": Object {
                "className": "AccountsPage-buttonIcon-5",
              },
              "ref": null,
              "rendered": null,
              "type": [Function],
            },
          ],
          "type": [Function],
        },
        false,
        undefined,
        Object {
          "instance": null,
          "key": undefined,
          "nodeType": "class",
          "props": Object {
            "children": "No accounts",
            "variant": "display3",
          },
          "ref": null,
          "rendered": "No accounts",
          "type": [Function],
        },
        Object {
          "instance": null,
          "key": undefined,
          "nodeType": "class",
          "props": Object {
            "action": <WithStyles(IconButton)
              color="inherit"
              onClick={[Function]}
            >
              <pure(Close) />
            </WithStyles(IconButton)>,
            "autoHideDuration": 3000,
            "message": "",
            "onClose": [Function],
            "open": false,
          },
          "ref": null,
          "rendered": null,
          "type": [Function],
        },
      ],
      "type": [Function],
    },
  ],
  Symbol(enzyme.__options__): Object {
    "adapter": ReactSixteenAdapter {
      "options": Object {
        "enableComponentDidUpdateOnSetState": true,
      },
    },
  },
}
`;
