// Jest Snapshot v1, https://goo.gl/fbAQLP

exports[`Navigation renders correctly 1`] = `
ShallowWrapper {
  "length": 1,
  Symbol(enzyme.__root__): [Circular],
  Symbol(enzyme.__unrendered__): <Navigation
    classes={
      Object {
        "flex": "Navigation-flex-1",
        "iconButton": "Navigation-iconButton-2",
      }
    }
  />,
  Symbol(enzyme.__renderer__): Object {
    "batchedUpdates": [Function],
    "getNode": [Function],
    "render": [Function],
    "simulateEvent": [Function],
    "unmount": [Function],
  },
  Symbol(enzyme.__node__): Object {
    "instance": null,
    "key": undefined,
    "nodeType": "class",
    "props": Object {
      "children": Array [
        <WithStyles(Toolbar)
          display="flex"
        >
          <WithStyles(Typography)
            className="Navigation-flex-1"
            color="inherit"
            variant="title"
          >
            Ylitse Admin
          </WithStyles(Typography)>
          <WithStyles(Button)
            color="inherit"
            component={[Function]}
          >
            Accounts
          </WithStyles(Button)>
          <WithStyles(Button)
            color="inherit"
            component={[Function]}
          >
            Skills
          </WithStyles(Button)>
          <WithStyles(IconButton)
            className="Navigation-iconButton-2"
            color="inherit"
            onClick={[Function]}
          >
            <pure(Info) />
          </WithStyles(IconButton)>
          <WithStyles(IconButton)
            aria-haspopup="true"
            aria-owns={null}
            className="Navigation-iconButton-2"
            color="inherit"
            onClick={[Function]}
          >
            <pure(MoreVert) />
          </WithStyles(IconButton)>
        </WithStyles(Toolbar)>,
        <WithStyles(Menu)
          anchorEl={null}
          id="menu-appbar"
          onClose={[Function]}
          open={false}
        >
          <WithStyles(MenuItem)
            onClick={[Function]}
          >
            Sign out
          </WithStyles(MenuItem)>
        </WithStyles(Menu)>,
        <AboutDialog
          apiVersion="N/A"
          onClose={[Function]}
          onOkClick={[Function]}
          open={false}
          uiVersion="0.1.0+git"
        />,
        <WithStyles(Snackbar)
          action={
            <WithStyles(IconButton)
              color="inherit"
              onClick={[Function]}
            >
              <pure(Close) />
            </WithStyles(IconButton)>
          }
          autoHideDuration={3000}
          message=""
          onClose={[Function]}
          open={false}
        />,
      ],
      "position": "static",
    },
    "ref": null,
    "rendered": Array [
      Object {
        "instance": null,
        "key": undefined,
        "nodeType": "class",
        "props": Object {
          "children": Array [
            <WithStyles(Typography)
              className="Navigation-flex-1"
              color="inherit"
              variant="title"
            >
              Ylitse Admin
            </WithStyles(Typography)>,
            <WithStyles(Button)
              color="inherit"
              component={[Function]}
            >
              Accounts
            </WithStyles(Button)>,
            <WithStyles(Button)
              color="inherit"
              component={[Function]}
            >
              Skills
            </WithStyles(Button)>,
            <WithStyles(IconButton)
              className="Navigation-iconButton-2"
              color="inherit"
              onClick={[Function]}
            >
              <pure(Info) />
            </WithStyles(IconButton)>,
            <WithStyles(IconButton)
              aria-haspopup="true"
              aria-owns={null}
              className="Navigation-iconButton-2"
              color="inherit"
              onClick={[Function]}
            >
              <pure(MoreVert) />
            </WithStyles(IconButton)>,
          ],
          "display": "flex",
        },
        "ref": null,
        "rendered": Array [
          Object {
            "instance": null,
            "key": undefined,
            "nodeType": "class",
            "props": Object {
              "children": "Ylitse Admin",
              "className": "Navigation-flex-1",
              "color": "inherit",
              "variant": "title",
            },
            "ref": null,
            "rendered": "Ylitse Admin",
            "type": [Function],
          },
          Object {
            "instance": null,
            "key": undefined,
            "nodeType": "class",
            "props": Object {
              "children": "Accounts",
              "color": "inherit",
              "component": [Function],
            },
            "ref": null,
            "rendered": "Accounts",
            "type": [Function],
          },
          Object {
            "instance": null,
            "key": undefined,
            "nodeType": "class",
            "props": Object {
              "children": "Skills",
              "color": "inherit",
              "component": [Function],
            },
            "ref": null,
            "rendered": "Skills",
            "type": [Function],
          },
          Object {
            "instance": null,
            "key": undefined,
            "nodeType": "class",
            "props": Object {
              "children": <pure(Info) />,
              "className": "Navigation-iconButton-2",
              "color": "inherit",
              "onClick": [Function],
            },
            "ref": null,
            "rendered": Object {
              "instance": null,
              "key": undefined,
              "nodeType": "class",
              "props": Object {},
              "ref": null,
              "rendered": null,
              "type": [Function],
            },
            "type": [Function],
          },
          Object {
            "instance": null,
            "key": undefined,
            "nodeType": "class",
            "props": Object {
              "aria-haspopup": "true",
              "aria-owns": null,
              "children": <pure(MoreVert) />,
              "className": "Navigation-iconButton-2",
              "color": "inherit",
              "onClick": [Function],
            },
            "ref": null,
            "rendered": Object {
              "instance": null,
              "key": undefined,
              "nodeType": "class",
              "props": Object {},
              "ref": null,
              "rendered": null,
              "type": [Function],
            },
            "type": [Function],
          },
        ],
        "type": [Function],
      },
      Object {
        "instance": null,
        "key": undefined,
        "nodeType": "class",
        "props": Object {
          "anchorEl": null,
          "children": <WithStyles(MenuItem)
            onClick={[Function]}
          >
            Sign out
          </WithStyles(MenuItem)>,
          "id": "menu-appbar",
          "onClose": [Function],
          "open": false,
        },
        "ref": null,
        "rendered": Object {
          "instance": null,
          "key": undefined,
          "nodeType": "class",
          "props": Object {
            "children": "Sign out",
            "onClick": [Function],
          },
          "ref": null,
          "rendered": "Sign out",
          "type": [Function],
        },
        "type": [Function],
      },
      Object {
        "instance": null,
        "key": undefined,
        "nodeType": "function",
        "props": Object {
          "apiVersion": "N/A",
          "onClose": [Function],
          "onOkClick": [Function],
          "open": false,
          "uiVersion": "0.1.0+git",
        },
        "ref": null,
        "rendered": null,
        "type": [Function],
      },
      Object {
        "instance": null,
        "key": undefined,
        "nodeType": "class",
        "props": Object {
          "action": <WithStyles(IconButton)
            color="inherit"
            onClick={[Function]}
          >
            <pure(Close) />
          </WithStyles(IconButton)>,
          "autoHideDuration": 3000,
          "message": "",
          "onClose": [Function],
          "open": false,
        },
        "ref": null,
        "rendered": null,
        "type": [Function],
      },
    ],
    "type": [Function],
  },
  Symbol(enzyme.__nodes__): Array [
    Object {
      "instance": null,
      "key": undefined,
      "nodeType": "class",
      "props": Object {
        "children": Array [
          <WithStyles(Toolbar)
            display="flex"
          >
            <WithStyles(Typography)
              className="Navigation-flex-1"
              color="inherit"
              variant="title"
            >
              Ylitse Admin
            </WithStyles(Typography)>
            <WithStyles(Button)
              color="inherit"
              component={[Function]}
            >
              Accounts
            </WithStyles(Button)>
            <WithStyles(Button)
              color="inherit"
              component={[Function]}
            >
              Skills
            </WithStyles(Button)>
            <WithStyles(IconButton)
              className="Navigation-iconButton-2"
              color="inherit"
              onClick={[Function]}
            >
              <pure(Info) />
            </WithStyles(IconButton)>
            <WithStyles(IconButton)
              aria-haspopup="true"
              aria-owns={null}
              className="Navigation-iconButton-2"
              color="inherit"
              onClick={[Function]}
            >
              <pure(MoreVert) />
            </WithStyles(IconButton)>
          </WithStyles(Toolbar)>,
          <WithStyles(Menu)
            anchorEl={null}
            id="menu-appbar"
            onClose={[Function]}
            open={false}
          >
            <WithStyles(MenuItem)
              onClick={[Function]}
            >
              Sign out
            </WithStyles(MenuItem)>
          </WithStyles(Menu)>,
          <AboutDialog
            apiVersion="N/A"
            onClose={[Function]}
            onOkClick={[Function]}
            open={false}
            uiVersion="0.1.0+git"
          />,
          <WithStyles(Snackbar)
            action={
              <WithStyles(IconButton)
                color="inherit"
                onClick={[Function]}
              >
                <pure(Close) />
              </WithStyles(IconButton)>
            }
            autoHideDuration={3000}
            message=""
            onClose={[Function]}
            open={false}
          />,
        ],
        "position": "static",
      },
      "ref": null,
      "rendered": Array [
        Object {
          "instance": null,
          "key": undefined,
          "nodeType": "class",
          "props": Object {
            "children": Array [
              <WithStyles(Typography)
                className="Navigation-flex-1"
                color="inherit"
                variant="title"
              >
                Ylitse Admin
              </WithStyles(Typography)>,
              <WithStyles(Button)
                color="inherit"
                component={[Function]}
              >
                Accounts
              </WithStyles(Button)>,
              <WithStyles(Button)
                color="inherit"
                component={[Function]}
              >
                Skills
              </WithStyles(Button)>,
              <WithStyles(IconButton)
                className="Navigation-iconButton-2"
                color="inherit"
                onClick={[Function]}
              >
                <pure(Info) />
              </WithStyles(IconButton)>,
              <WithStyles(IconButton)
                aria-haspopup="true"
                aria-owns={null}
                className="Navigation-iconButton-2"
                color="inherit"
                onClick={[Function]}
              >
                <pure(MoreVert) />
              </WithStyles(IconButton)>,
            ],
            "display": "flex",
          },
          "ref": null,
          "rendered": Array [
            Object {
              "instance": null,
              "key": undefined,
              "nodeType": "class",
              "props": Object {
                "children": "Ylitse Admin",
                "className": "Navigation-flex-1",
                "color": "inherit",
                "variant": "title",
              },
              "ref": null,
              "rendered": "Ylitse Admin",
              "type": [Function],
            },
            Object {
              "instance": null,
              "key": undefined,
              "nodeType": "class",
              "props": Object {
                "children": "Accounts",
                "color": "inherit",
                "component": [Function],
              },
              "ref": null,
              "rendered": "Accounts",
              "type": [Function],
            },
            Object {
              "instance": null,
              "key": undefined,
              "nodeType": "class",
              "props": Object {
                "children": "Skills",
                "color": "inherit",
                "component": [Function],
              },
              "ref": null,
              "rendered": "Skills",
              "type": [Function],
            },
            Object {
              "instance": null,
              "key": undefined,
              "nodeType": "class",
              "props": Object {
                "children": <pure(Info) />,
                "className": "Navigation-iconButton-2",
                "color": "inherit",
                "onClick": [Function],
              },
              "ref": null,
              "rendered": Object {
                "instance": null,
                "key": undefined,
                "nodeType": "class",
                "props": Object {},
                "ref": null,
                "rendered": null,
                "type": [Function],
              },
              "type": [Function],
            },
            Object {
              "instance": null,
              "key": undefined,
              "nodeType": "class",
              "props": Object {
                "aria-haspopup": "true",
                "aria-owns": null,
                "children": <pure(MoreVert) />,
                "className": "Navigation-iconButton-2",
                "color": "inherit",
                "onClick": [Function],
              },
              "ref": null,
              "rendered": Object {
                "instance": null,
                "key": undefined,
                "nodeType": "class",
                "props": Object {},
                "ref": null,
                "rendered": null,
                "type": [Function],
              },
              "type": [Function],
            },
          ],
          "type": [Function],
        },
        Object {
          "instance": null,
          "key": undefined,
          "nodeType": "class",
          "props": Object {
            "anchorEl": null,
            "children": <WithStyles(MenuItem)
              onClick={[Function]}
            >
              Sign out
            </WithStyles(MenuItem)>,
            "id": "menu-appbar",
            "onClose": [Function],
            "open": false,
          },
          "ref": null,
          "rendered": Object {
            "instance": null,
            "key": undefined,
            "nodeType": "class",
            "props": Object {
              "children": "Sign out",
              "onClick": [Function],
            },
            "ref": null,
            "rendered": "Sign out",
            "type": [Function],
          },
          "type": [Function],
        },
        Object {
          "instance": null,
          "key": undefined,
          "nodeType": "function",
          "props": Object {
            "apiVersion": "N/A",
            "onClose": [Function],
            "onOkClick": [Function],
            "open": false,
            "uiVersion": "0.1.0+git",
          },
          "ref": null,
          "rendered": null,
          "type": [Function],
        },
        Object {
          "instance": null,
          "key": undefined,
          "nodeType": "class",
          "props": Object {
            "action": <WithStyles(IconButton)
              color="inherit"
              onClick={[Function]}
            >
              <pure(Close) />
            </WithStyles(IconButton)>,
            "autoHideDuration": 3000,
            "message": "",
            "onClose": [Function],
            "open": false,
          },
          "ref": null,
          "rendered": null,
          "type": [Function],
        },
      ],
      "type": [Function],
    },
  ],
  Symbol(enzyme.__options__): Object {
    "adapter": ReactSixteenAdapter {
      "options": Object {
        "enableComponentDidUpdateOnSetState": true,
      },
    },
  },
}
`;
