// Jest Snapshot v1, https://goo.gl/fbAQLP

exports[`ProfileForm renders correctly 1`] = `
ShallowWrapper {
  "length": 1,
  Symbol(enzyme.__root__): [Circular],
  Symbol(enzyme.__unrendered__): <ProfileForm
    classes={
      Object {
        "button": "ProfileForm-button-5",
        "buttonIcon": "ProfileForm-buttonIcon-6",
        "checkboxRow": "ProfileForm-checkboxRow-3",
        "formControl": "ProfileForm-formControl-4",
        "radioRow": "ProfileForm-radioRow-2",
        "row": "ProfileForm-row-1",
      }
    }
  />,
  Symbol(enzyme.__renderer__): Object {
    "batchedUpdates": [Function],
    "getNode": [Function],
    "render": [Function],
    "simulateEvent": [Function],
    "unmount": [Function],
  },
  Symbol(enzyme.__node__): Object {
    "instance": null,
    "key": undefined,
    "nodeType": "host",
    "props": Object {
      "autoComplete": "off",
      "children": Array [
        <WithStyles(FormGroup)>
          <WithStyles(FormControl)
            className="ProfileForm-radioRow-2"
            component="fieldset"
            required={true}
          >
            <WithStyles(FormLabel)
              component="legend"
            >
              Account type
            </WithStyles(FormLabel)>
            <RadioGroup
              name="role"
              onChange={[Function]}
              row={true}
              value="Mentee"
            >
              <WithStyles(FormControlLabel)
                control={<WithStyles(Radio) />}
                label="Mentee"
                value="Mentee"
              />
              <WithStyles(FormControlLabel)
                control={<WithStyles(Radio) />}
                label="Mentor"
                value="Mentor"
              />
              <WithStyles(FormControlLabel)
                control={<WithStyles(Radio) />}
                label="Admin"
                value="Admin"
              />
            </RadioGroup>
          </WithStyles(FormControl)>
          <TextField
            className="ProfileForm-row-1"
            error={false}
            helperText={undefined}
            label="Username"
            name="username"
            onChange={[Function]}
            required={true}
            select={false}
            value=""
          />
          <WithStyles(PasswordField)
            className="ProfileForm-row-1"
            error={false}
            helperText={undefined}
            label="Password"
            name="password"
            onChange={[Function]}
            required={true}
            value=""
          />
          <TextField
            className="ProfileForm-row-1"
            error={false}
            helperText={undefined}
            label="Screen name"
            name="nickname"
            onChange={[Function]}
            required={true}
            select={false}
            value=""
          />
          <TextField
            className="ProfileForm-row-1"
            error={false}
            helperText={undefined}
            label="Phone number"
            name="phone"
            onChange={[Function]}
            required={false}
            select={false}
            value=""
          />
          <TextField
            className="ProfileForm-row-1"
            error={false}
            helperText={undefined}
            label="Email"
            name="email"
            onChange={[Function]}
            required={true}
            select={false}
            value=""
          />
          <WithStyles(FormControl)
            className="ProfileForm-radioRow-2"
            component="fieldset"
            required={true}
          >
            <WithStyles(FormLabel)
              component="legend"
            >
              Gender
            </WithStyles(FormLabel)>
            <RadioGroup
              name="gender"
              onChange={[Function]}
              row={true}
              value="Male"
            >
              <WithStyles(FormControlLabel)
                control={<WithStyles(Radio) />}
                label="Male"
                value="Male"
              />
              <WithStyles(FormControlLabel)
                control={<WithStyles(Radio) />}
                label="Female"
                value="Female"
              />
            </RadioGroup>
          </WithStyles(FormControl)>
          <TextField
            className="ProfileForm-row-1"
            error={false}
            helperText={undefined}
            label="Birth year"
            name="birthYear"
            onChange={[Function]}
            required={false}
            select={false}
            value=""
          />
          <TextField
            className="ProfileForm-row-1"
            label="Area"
            name="area"
            onChange={[Function]}
            required={false}
            select={false}
            value=""
          />
          <CheckboxGroup
            className="ProfileForm-checkboxRow-3"
            data={
              Object {
                "English": false,
                "Finnish": false,
                "Russian": false,
                "Swedish": false,
              }
            }
            label="Languages"
            onChange={[Function]}
          />
          <WithStyles(FormControl)
            className="ProfileForm-formControl-4"
          >
            <WithStyles(InputLabel)
              htmlFor="name-multiple"
            >
              Skills
            </WithStyles(InputLabel)>
            <WithStyles(Select)
              className="ProfileForm-row-1"
              input={
                <WithStyles(Input)
                  id="name-multiple"
                />
              }
              multiple={true}
              onChange={[Function]}
              value={Array []}
            >
              <WithStyles(MenuItem)
                value="Cooking"
              >
                Cooking
              </WithStyles(MenuItem)>
              <WithStyles(MenuItem)
                value="Baby sitting"
              >
                Baby sitting
              </WithStyles(MenuItem)>
              <WithStyles(MenuItem)
                value="Parenting"
              >
                Parenting
              </WithStyles(MenuItem)>
              <WithStyles(MenuItem)
                value="Legal"
              >
                Legal
              </WithStyles(MenuItem)>
              <WithStyles(MenuItem)
                value="Education"
              >
                Education
              </WithStyles(MenuItem)>
              <WithStyles(MenuItem)
                value="Cleaning"
              >
                Cleaning
              </WithStyles(MenuItem)>
            </WithStyles(Select)>
          </WithStyles(FormControl)>
          <CheckboxGroup
            className="ProfileForm-checkboxRow-3"
            data={
              Object {
                "Email": false,
                "Phone": false,
              }
            }
            label="Communication channels"
            onChange={[Function]}
          />
          <TextField
            className="ProfileForm-row-1"
            helperText="Tell something about yourself"
            label="Story"
            multiline={true}
            name="story"
            onChange={[Function]}
            required={false}
            rows="1"
            rowsMax="8"
            select={false}
            value=""
          />
        </WithStyles(FormGroup)>,
        <WithStyles(Button)
          className="ProfileForm-button-5"
          color="primary"
          disabled={true}
          onClick={[Function]}
          variant="raised"
        >
          Create
          <pure(Save)
            className="ProfileForm-buttonIcon-6"
          />
        </WithStyles(Button)>,
        <WithStyles(Snackbar)
          action={
            <WithStyles(IconButton)
              color="inherit"
              onClick={[Function]}
            >
              <pure(Close) />
            </WithStyles(IconButton)>
          }
          autoHideDuration={3000}
          message=""
          onClose={[Function]}
          open={false}
        />,
      ],
    },
    "ref": null,
    "rendered": Array [
      Object {
        "instance": null,
        "key": undefined,
        "nodeType": "class",
        "props": Object {
          "children": Array [
            <WithStyles(FormControl)
              className="ProfileForm-radioRow-2"
              component="fieldset"
              required={true}
            >
              <WithStyles(FormLabel)
                component="legend"
              >
                Account type
              </WithStyles(FormLabel)>
              <RadioGroup
                name="role"
                onChange={[Function]}
                row={true}
                value="Mentee"
              >
                <WithStyles(FormControlLabel)
                  control={<WithStyles(Radio) />}
                  label="Mentee"
                  value="Mentee"
                />
                <WithStyles(FormControlLabel)
                  control={<WithStyles(Radio) />}
                  label="Mentor"
                  value="Mentor"
                />
                <WithStyles(FormControlLabel)
                  control={<WithStyles(Radio) />}
                  label="Admin"
                  value="Admin"
                />
              </RadioGroup>
            </WithStyles(FormControl)>,
            <TextField
              className="ProfileForm-row-1"
              error={false}
              helperText={undefined}
              label="Username"
              name="username"
              onChange={[Function]}
              required={true}
              select={false}
              value=""
            />,
            <WithStyles(PasswordField)
              className="ProfileForm-row-1"
              error={false}
              helperText={undefined}
              label="Password"
              name="password"
              onChange={[Function]}
              required={true}
              value=""
            />,
            <TextField
              className="ProfileForm-row-1"
              error={false}
              helperText={undefined}
              label="Screen name"
              name="nickname"
              onChange={[Function]}
              required={true}
              select={false}
              value=""
            />,
            <TextField
              className="ProfileForm-row-1"
              error={false}
              helperText={undefined}
              label="Phone number"
              name="phone"
              onChange={[Function]}
              required={false}
              select={false}
              value=""
            />,
            <TextField
              className="ProfileForm-row-1"
              error={false}
              helperText={undefined}
              label="Email"
              name="email"
              onChange={[Function]}
              required={true}
              select={false}
              value=""
            />,
            <WithStyles(FormControl)
              className="ProfileForm-radioRow-2"
              component="fieldset"
              required={true}
            >
              <WithStyles(FormLabel)
                component="legend"
              >
                Gender
              </WithStyles(FormLabel)>
              <RadioGroup
                name="gender"
                onChange={[Function]}
                row={true}
                value="Male"
              >
                <WithStyles(FormControlLabel)
                  control={<WithStyles(Radio) />}
                  label="Male"
                  value="Male"
                />
                <WithStyles(FormControlLabel)
                  control={<WithStyles(Radio) />}
                  label="Female"
                  value="Female"
                />
              </RadioGroup>
            </WithStyles(FormControl)>,
            <TextField
              className="ProfileForm-row-1"
              error={false}
              helperText={undefined}
              label="Birth year"
              name="birthYear"
              onChange={[Function]}
              required={false}
              select={false}
              value=""
            />,
            <TextField
              className="ProfileForm-row-1"
              label="Area"
              name="area"
              onChange={[Function]}
              required={false}
              select={false}
              value=""
            />,
            <CheckboxGroup
              className="ProfileForm-checkboxRow-3"
              data={
                Object {
                  "English": false,
                  "Finnish": false,
                  "Russian": false,
                  "Swedish": false,
                }
              }
              label="Languages"
              onChange={[Function]}
            />,
            <WithStyles(FormControl)
              className="ProfileForm-formControl-4"
            >
              <WithStyles(InputLabel)
                htmlFor="name-multiple"
              >
                Skills
              </WithStyles(InputLabel)>
              <WithStyles(Select)
                className="ProfileForm-row-1"
                input={
                  <WithStyles(Input)
                    id="name-multiple"
                  />
                }
                multiple={true}
                onChange={[Function]}
                value={Array []}
              >
                <WithStyles(MenuItem)
                  value="Cooking"
                >
                  Cooking
                </WithStyles(MenuItem)>
                <WithStyles(MenuItem)
                  value="Baby sitting"
                >
                  Baby sitting
                </WithStyles(MenuItem)>
                <WithStyles(MenuItem)
                  value="Parenting"
                >
                  Parenting
                </WithStyles(MenuItem)>
                <WithStyles(MenuItem)
                  value="Legal"
                >
                  Legal
                </WithStyles(MenuItem)>
                <WithStyles(MenuItem)
                  value="Education"
                >
                  Education
                </WithStyles(MenuItem)>
                <WithStyles(MenuItem)
                  value="Cleaning"
                >
                  Cleaning
                </WithStyles(MenuItem)>
              </WithStyles(Select)>
            </WithStyles(FormControl)>,
            <CheckboxGroup
              className="ProfileForm-checkboxRow-3"
              data={
                Object {
                  "Email": false,
                  "Phone": false,
                }
              }
              label="Communication channels"
              onChange={[Function]}
            />,
            <TextField
              className="ProfileForm-row-1"
              helperText="Tell something about yourself"
              label="Story"
              multiline={true}
              name="story"
              onChange={[Function]}
              required={false}
              rows="1"
              rowsMax="8"
              select={false}
              value=""
            />,
          ],
        },
        "ref": null,
        "rendered": Array [
          Object {
            "instance": null,
            "key": undefined,
            "nodeType": "class",
            "props": Object {
              "children": Array [
                <WithStyles(FormLabel)
                  component="legend"
                >
                  Account type
                </WithStyles(FormLabel)>,
                <RadioGroup
                  name="role"
                  onChange={[Function]}
                  row={true}
                  value="Mentee"
                >
                  <WithStyles(FormControlLabel)
                    control={<WithStyles(Radio) />}
                    label="Mentee"
                    value="Mentee"
                  />
                  <WithStyles(FormControlLabel)
                    control={<WithStyles(Radio) />}
                    label="Mentor"
                    value="Mentor"
                  />
                  <WithStyles(FormControlLabel)
                    control={<WithStyles(Radio) />}
                    label="Admin"
                    value="Admin"
                  />
                </RadioGroup>,
              ],
              "className": "ProfileForm-radioRow-2",
              "component": "fieldset",
              "required": true,
            },
            "ref": null,
            "rendered": Array [
              Object {
                "instance": null,
                "key": undefined,
                "nodeType": "class",
                "props": Object {
                  "children": "Account type",
                  "component": "legend",
                },
                "ref": null,
                "rendered": "Account type",
                "type": [Function],
              },
              Object {
                "instance": null,
                "key": undefined,
                "nodeType": "class",
                "props": Object {
                  "children": Array [
                    <WithStyles(FormControlLabel)
                      control={<WithStyles(Radio) />}
                      label="Mentee"
                      value="Mentee"
                    />,
                    <WithStyles(FormControlLabel)
                      control={<WithStyles(Radio) />}
                      label="Mentor"
                      value="Mentor"
                    />,
                    <WithStyles(FormControlLabel)
                      control={<WithStyles(Radio) />}
                      label="Admin"
                      value="Admin"
                    />,
                  ],
                  "name": "role",
                  "onChange": [Function],
                  "row": true,
                  "value": "Mentee",
                },
                "ref": null,
                "rendered": Array [
                  Object {
                    "instance": null,
                    "key": "Mentee",
                    "nodeType": "class",
                    "props": Object {
                      "control": <WithStyles(Radio) />,
                      "label": "Mentee",
                      "value": "Mentee",
                    },
                    "ref": null,
                    "rendered": null,
                    "type": [Function],
                  },
                  Object {
                    "instance": null,
                    "key": "Mentor",
                    "nodeType": "class",
                    "props": Object {
                      "control": <WithStyles(Radio) />,
                      "label": "Mentor",
                      "value": "Mentor",
                    },
                    "ref": null,
                    "rendered": null,
                    "type": [Function],
                  },
                  Object {
                    "instance": null,
                    "key": "Admin",
                    "nodeType": "class",
                    "props": Object {
                      "control": <WithStyles(Radio) />,
                      "label": "Admin",
                      "value": "Admin",
                    },
                    "ref": null,
                    "rendered": null,
                    "type": [Function],
                  },
                ],
                "type": [Function],
              },
            ],
            "type": [Function],
          },
          Object {
            "instance": null,
            "key": undefined,
            "nodeType": "function",
            "props": Object {
              "className": "ProfileForm-row-1",
              "error": false,
              "helperText": undefined,
              "label": "Username",
              "name": "username",
              "onChange": [Function],
              "required": true,
              "select": false,
              "value": "",
            },
            "ref": null,
            "rendered": null,
            "type": [Function],
          },
          Object {
            "instance": null,
            "key": undefined,
            "nodeType": "class",
            "props": Object {
              "className": "ProfileForm-row-1",
              "error": false,
              "helperText": undefined,
              "label": "Password",
              "name": "password",
              "onChange": [Function],
              "required": true,
              "value": "",
            },
            "ref": null,
            "rendered": null,
            "type": [Function],
          },
          Object {
            "instance": null,
            "key": undefined,
            "nodeType": "function",
            "props": Object {
              "className": "ProfileForm-row-1",
              "error": false,
              "helperText": undefined,
              "label": "Screen name",
              "name": "nickname",
              "onChange": [Function],
              "required": true,
              "select": false,
              "value": "",
            },
            "ref": null,
            "rendered": null,
            "type": [Function],
          },
          Object {
            "instance": null,
            "key": undefined,
            "nodeType": "function",
            "props": Object {
              "className": "ProfileForm-row-1",
              "error": false,
              "helperText": undefined,
              "label": "Phone number",
              "name": "phone",
              "onChange": [Function],
              "required": false,
              "select": false,
              "value": "",
            },
            "ref": null,
            "rendered": null,
            "type": [Function],
          },
          Object {
            "instance": null,
            "key": undefined,
            "nodeType": "function",
            "props": Object {
              "className": "ProfileForm-row-1",
              "error": false,
              "helperText": undefined,
              "label": "Email",
              "name": "email",
              "onChange": [Function],
              "required": true,
              "select": false,
              "value": "",
            },
            "ref": null,
            "rendered": null,
            "type": [Function],
          },
          Object {
            "instance": null,
            "key": undefined,
            "nodeType": "class",
            "props": Object {
              "children": Array [
                <WithStyles(FormLabel)
                  component="legend"
                >
                  Gender
                </WithStyles(FormLabel)>,
                <RadioGroup
                  name="gender"
                  onChange={[Function]}
                  row={true}
                  value="Male"
                >
                  <WithStyles(FormControlLabel)
                    control={<WithStyles(Radio) />}
                    label="Male"
                    value="Male"
                  />
                  <WithStyles(FormControlLabel)
                    control={<WithStyles(Radio) />}
                    label="Female"
                    value="Female"
                  />
                </RadioGroup>,
              ],
              "className": "ProfileForm-radioRow-2",
              "component": "fieldset",
              "required": true,
            },
            "ref": null,
            "rendered": Array [
              Object {
                "instance": null,
                "key": undefined,
                "nodeType": "class",
                "props": Object {
                  "children": "Gender",
                  "component": "legend",
                },
                "ref": null,
                "rendered": "Gender",
                "type": [Function],
              },
              Object {
                "instance": null,
                "key": undefined,
                "nodeType": "class",
                "props": Object {
                  "children": Array [
                    <WithStyles(FormControlLabel)
                      control={<WithStyles(Radio) />}
                      label="Male"
                      value="Male"
                    />,
                    <WithStyles(FormControlLabel)
                      control={<WithStyles(Radio) />}
                      label="Female"
                      value="Female"
                    />,
                  ],
                  "name": "gender",
                  "onChange": [Function],
                  "row": true,
                  "value": "Male",
                },
                "ref": null,
                "rendered": Array [
                  Object {
                    "instance": null,
                    "key": "Male",
                    "nodeType": "class",
                    "props": Object {
                      "control": <WithStyles(Radio) />,
                      "label": "Male",
                      "value": "Male",
                    },
                    "ref": null,
                    "rendered": null,
                    "type": [Function],
                  },
                  Object {
                    "instance": null,
                    "key": "Female",
                    "nodeType": "class",
                    "props": Object {
                      "control": <WithStyles(Radio) />,
                      "label": "Female",
                      "value": "Female",
                    },
                    "ref": null,
                    "rendered": null,
                    "type": [Function],
                  },
                ],
                "type": [Function],
              },
            ],
            "type": [Function],
          },
          Object {
            "instance": null,
            "key": undefined,
            "nodeType": "function",
            "props": Object {
              "className": "ProfileForm-row-1",
              "error": false,
              "helperText": undefined,
              "label": "Birth year",
              "name": "birthYear",
              "onChange": [Function],
              "required": false,
              "select": false,
              "value": "",
            },
            "ref": null,
            "rendered": null,
            "type": [Function],
          },
          Object {
            "instance": null,
            "key": undefined,
            "nodeType": "function",
            "props": Object {
              "className": "ProfileForm-row-1",
              "label": "Area",
              "name": "area",
              "onChange": [Function],
              "required": false,
              "select": false,
              "value": "",
            },
            "ref": null,
            "rendered": null,
            "type": [Function],
          },
          Object {
            "instance": null,
            "key": undefined,
            "nodeType": "function",
            "props": Object {
              "className": "ProfileForm-checkboxRow-3",
              "data": Object {
                "English": false,
                "Finnish": false,
                "Russian": false,
                "Swedish": false,
              },
              "label": "Languages",
              "onChange": [Function],
            },
            "ref": null,
            "rendered": null,
            "type": [Function],
          },
          Object {
            "instance": null,
            "key": undefined,
            "nodeType": "class",
            "props": Object {
              "children": Array [
                <WithStyles(InputLabel)
                  htmlFor="name-multiple"
                >
                  Skills
                </WithStyles(InputLabel)>,
                <WithStyles(Select)
                  className="ProfileForm-row-1"
                  input={
                    <WithStyles(Input)
                      id="name-multiple"
                    />
                  }
                  multiple={true}
                  onChange={[Function]}
                  value={Array []}
                >
                  <WithStyles(MenuItem)
                    value="Cooking"
                  >
                    Cooking
                  </WithStyles(MenuItem)>
                  <WithStyles(MenuItem)
                    value="Baby sitting"
                  >
                    Baby sitting
                  </WithStyles(MenuItem)>
                  <WithStyles(MenuItem)
                    value="Parenting"
                  >
                    Parenting
                  </WithStyles(MenuItem)>
                  <WithStyles(MenuItem)
                    value="Legal"
                  >
                    Legal
                  </WithStyles(MenuItem)>
                  <WithStyles(MenuItem)
                    value="Education"
                  >
                    Education
                  </WithStyles(MenuItem)>
                  <WithStyles(MenuItem)
                    value="Cleaning"
                  >
                    Cleaning
                  </WithStyles(MenuItem)>
                </WithStyles(Select)>,
              ],
              "className": "ProfileForm-formControl-4",
            },
            "ref": null,
            "rendered": Array [
              Object {
                "instance": null,
                "key": undefined,
                "nodeType": "class",
                "props": Object {
                  "children": "Skills",
                  "htmlFor": "name-multiple",
                },
                "ref": null,
                "rendered": "Skills",
                "type": [Function],
              },
              Object {
                "instance": null,
                "key": undefined,
                "nodeType": "class",
                "props": Object {
                  "children": Array [
                    <WithStyles(MenuItem)
                      value="Cooking"
                    >
                      Cooking
                    </WithStyles(MenuItem)>,
                    <WithStyles(MenuItem)
                      value="Baby sitting"
                    >
                      Baby sitting
                    </WithStyles(MenuItem)>,
                    <WithStyles(MenuItem)
                      value="Parenting"
                    >
                      Parenting
                    </WithStyles(MenuItem)>,
                    <WithStyles(MenuItem)
                      value="Legal"
                    >
                      Legal
                    </WithStyles(MenuItem)>,
                    <WithStyles(MenuItem)
                      value="Education"
                    >
                      Education
                    </WithStyles(MenuItem)>,
                    <WithStyles(MenuItem)
                      value="Cleaning"
                    >
                      Cleaning
                    </WithStyles(MenuItem)>,
                  ],
                  "className": "ProfileForm-row-1",
                  "input": <WithStyles(Input)
                    id="name-multiple"
                  />,
                  "multiple": true,
                  "onChange": [Function],
                  "value": Array [],
                },
                "ref": null,
                "rendered": Array [
                  Object {
                    "instance": null,
                    "key": "Cooking",
                    "nodeType": "class",
                    "props": Object {
                      "children": "Cooking",
                      "value": "Cooking",
                    },
                    "ref": null,
                    "rendered": "Cooking",
                    "type": [Function],
                  },
                  Object {
                    "instance": null,
                    "key": "Baby sitting",
                    "nodeType": "class",
                    "props": Object {
                      "children": "Baby sitting",
                      "value": "Baby sitting",
                    },
                    "ref": null,
                    "rendered": "Baby sitting",
                    "type": [Function],
                  },
                  Object {
                    "instance": null,
                    "key": "Parenting",
                    "nodeType": "class",
                    "props": Object {
                      "children": "Parenting",
                      "value": "Parenting",
                    },
                    "ref": null,
                    "rendered": "Parenting",
                    "type": [Function],
                  },
                  Object {
                    "instance": null,
                    "key": "Legal",
                    "nodeType": "class",
                    "props": Object {
                      "children": "Legal",
                      "value": "Legal",
                    },
                    "ref": null,
                    "rendered": "Legal",
                    "type": [Function],
                  },
                  Object {
                    "instance": null,
                    "key": "Education",
                    "nodeType": "class",
                    "props": Object {
                      "children": "Education",
                      "value": "Education",
                    },
                    "ref": null,
                    "rendered": "Education",
                    "type": [Function],
                  },
                  Object {
                    "instance": null,
                    "key": "Cleaning",
                    "nodeType": "class",
                    "props": Object {
                      "children": "Cleaning",
                      "value": "Cleaning",
                    },
                    "ref": null,
                    "rendered": "Cleaning",
                    "type": [Function],
                  },
                ],
                "type": [Function],
              },
            ],
            "type": [Function],
          },
          Object {
            "instance": null,
            "key": undefined,
            "nodeType": "function",
            "props": Object {
              "className": "ProfileForm-checkboxRow-3",
              "data": Object {
                "Email": false,
                "Phone": false,
              },
              "label": "Communication channels",
              "onChange": [Function],
            },
            "ref": null,
            "rendered": null,
            "type": [Function],
          },
          Object {
            "instance": null,
            "key": undefined,
            "nodeType": "function",
            "props": Object {
              "className": "ProfileForm-row-1",
              "helperText": "Tell something about yourself",
              "label": "Story",
              "multiline": true,
              "name": "story",
              "onChange": [Function],
              "required": false,
              "rows": "1",
              "rowsMax": "8",
              "select": false,
              "value": "",
            },
            "ref": null,
            "rendered": null,
            "type": [Function],
          },
        ],
        "type": [Function],
      },
      Object {
        "instance": null,
        "key": undefined,
        "nodeType": "class",
        "props": Object {
          "children": Array [
            "Create",
            <pure(Save)
              className="ProfileForm-buttonIcon-6"
            />,
          ],
          "className": "ProfileForm-button-5",
          "color": "primary",
          "disabled": true,
          "onClick": [Function],
          "variant": "raised",
        },
        "ref": null,
        "rendered": Array [
          "Create",
          Object {
            "instance": null,
            "key": undefined,
            "nodeType": "class",
            "props": Object {
              "className": "ProfileForm-buttonIcon-6",
            },
            "ref": null,
            "rendered": null,
            "type": [Function],
          },
        ],
        "type": [Function],
      },
      Object {
        "instance": null,
        "key": undefined,
        "nodeType": "class",
        "props": Object {
          "action": <WithStyles(IconButton)
            color="inherit"
            onClick={[Function]}
          >
            <pure(Close) />
          </WithStyles(IconButton)>,
          "autoHideDuration": 3000,
          "message": "",
          "onClose": [Function],
          "open": false,
        },
        "ref": null,
        "rendered": null,
        "type": [Function],
      },
    ],
    "type": "form",
  },
  Symbol(enzyme.__nodes__): Array [
    Object {
      "instance": null,
      "key": undefined,
      "nodeType": "host",
      "props": Object {
        "autoComplete": "off",
        "children": Array [
          <WithStyles(FormGroup)>
            <WithStyles(FormControl)
              className="ProfileForm-radioRow-2"
              component="fieldset"
              required={true}
            >
              <WithStyles(FormLabel)
                component="legend"
              >
                Account type
              </WithStyles(FormLabel)>
              <RadioGroup
                name="role"
                onChange={[Function]}
                row={true}
                value="Mentee"
              >
                <WithStyles(FormControlLabel)
                  control={<WithStyles(Radio) />}
                  label="Mentee"
                  value="Mentee"
                />
                <WithStyles(FormControlLabel)
                  control={<WithStyles(Radio) />}
                  label="Mentor"
                  value="Mentor"
                />
                <WithStyles(FormControlLabel)
                  control={<WithStyles(Radio) />}
                  label="Admin"
                  value="Admin"
                />
              </RadioGroup>
            </WithStyles(FormControl)>
            <TextField
              className="ProfileForm-row-1"
              error={false}
              helperText={undefined}
              label="Username"
              name="username"
              onChange={[Function]}
              required={true}
              select={false}
              value=""
            />
            <WithStyles(PasswordField)
              className="ProfileForm-row-1"
              error={false}
              helperText={undefined}
              label="Password"
              name="password"
              onChange={[Function]}
              required={true}
              value=""
            />
            <TextField
              className="ProfileForm-row-1"
              error={false}
              helperText={undefined}
              label="Screen name"
              name="nickname"
              onChange={[Function]}
              required={true}
              select={false}
              value=""
            />
            <TextField
              className="ProfileForm-row-1"
              error={false}
              helperText={undefined}
              label="Phone number"
              name="phone"
              onChange={[Function]}
              required={false}
              select={false}
              value=""
            />
            <TextField
              className="ProfileForm-row-1"
              error={false}
              helperText={undefined}
              label="Email"
              name="email"
              onChange={[Function]}
              required={true}
              select={false}
              value=""
            />
            <WithStyles(FormControl)
              className="ProfileForm-radioRow-2"
              component="fieldset"
              required={true}
            >
              <WithStyles(FormLabel)
                component="legend"
              >
                Gender
              </WithStyles(FormLabel)>
              <RadioGroup
                name="gender"
                onChange={[Function]}
                row={true}
                value="Male"
              >
                <WithStyles(FormControlLabel)
                  control={<WithStyles(Radio) />}
                  label="Male"
                  value="Male"
                />
                <WithStyles(FormControlLabel)
                  control={<WithStyles(Radio) />}
                  label="Female"
                  value="Female"
                />
              </RadioGroup>
            </WithStyles(FormControl)>
            <TextField
              className="ProfileForm-row-1"
              error={false}
              helperText={undefined}
              label="Birth year"
              name="birthYear"
              onChange={[Function]}
              required={false}
              select={false}
              value=""
            />
            <TextField
              className="ProfileForm-row-1"
              label="Area"
              name="area"
              onChange={[Function]}
              required={false}
              select={false}
              value=""
            />
            <CheckboxGroup
              className="ProfileForm-checkboxRow-3"
              data={
                Object {
                  "English": false,
                  "Finnish": false,
                  "Russian": false,
                  "Swedish": false,
                }
              }
              label="Languages"
              onChange={[Function]}
            />
            <WithStyles(FormControl)
              className="ProfileForm-formControl-4"
            >
              <WithStyles(InputLabel)
                htmlFor="name-multiple"
              >
                Skills
              </WithStyles(InputLabel)>
              <WithStyles(Select)
                className="ProfileForm-row-1"
                input={
                  <WithStyles(Input)
                    id="name-multiple"
                  />
                }
                multiple={true}
                onChange={[Function]}
                value={Array []}
              >
                <WithStyles(MenuItem)
                  value="Cooking"
                >
                  Cooking
                </WithStyles(MenuItem)>
                <WithStyles(MenuItem)
                  value="Baby sitting"
                >
                  Baby sitting
                </WithStyles(MenuItem)>
                <WithStyles(MenuItem)
                  value="Parenting"
                >
                  Parenting
                </WithStyles(MenuItem)>
                <WithStyles(MenuItem)
                  value="Legal"
                >
                  Legal
                </WithStyles(MenuItem)>
                <WithStyles(MenuItem)
                  value="Education"
                >
                  Education
                </WithStyles(MenuItem)>
                <WithStyles(MenuItem)
                  value="Cleaning"
                >
                  Cleaning
                </WithStyles(MenuItem)>
              </WithStyles(Select)>
            </WithStyles(FormControl)>
            <CheckboxGroup
              className="ProfileForm-checkboxRow-3"
              data={
                Object {
                  "Email": false,
                  "Phone": false,
                }
              }
              label="Communication channels"
              onChange={[Function]}
            />
            <TextField
              className="ProfileForm-row-1"
              helperText="Tell something about yourself"
              label="Story"
              multiline={true}
              name="story"
              onChange={[Function]}
              required={false}
              rows="1"
              rowsMax="8"
              select={false}
              value=""
            />
          </WithStyles(FormGroup)>,
          <WithStyles(Button)
            className="ProfileForm-button-5"
            color="primary"
            disabled={true}
            onClick={[Function]}
            variant="raised"
          >
            Create
            <pure(Save)
              className="ProfileForm-buttonIcon-6"
            />
          </WithStyles(Button)>,
          <WithStyles(Snackbar)
            action={
              <WithStyles(IconButton)
                color="inherit"
                onClick={[Function]}
              >
                <pure(Close) />
              </WithStyles(IconButton)>
            }
            autoHideDuration={3000}
            message=""
            onClose={[Function]}
            open={false}
          />,
        ],
      },
      "ref": null,
      "rendered": Array [
        Object {
          "instance": null,
          "key": undefined,
          "nodeType": "class",
          "props": Object {
            "children": Array [
              <WithStyles(FormControl)
                className="ProfileForm-radioRow-2"
                component="fieldset"
                required={true}
              >
                <WithStyles(FormLabel)
                  component="legend"
                >
                  Account type
                </WithStyles(FormLabel)>
                <RadioGroup
                  name="role"
                  onChange={[Function]}
                  row={true}
                  value="Mentee"
                >
                  <WithStyles(FormControlLabel)
                    control={<WithStyles(Radio) />}
                    label="Mentee"
                    value="Mentee"
                  />
                  <WithStyles(FormControlLabel)
                    control={<WithStyles(Radio) />}
                    label="Mentor"
                    value="Mentor"
                  />
                  <WithStyles(FormControlLabel)
                    control={<WithStyles(Radio) />}
                    label="Admin"
                    value="Admin"
                  />
                </RadioGroup>
              </WithStyles(FormControl)>,
              <TextField
                className="ProfileForm-row-1"
                error={false}
                helperText={undefined}
                label="Username"
                name="username"
                onChange={[Function]}
                required={true}
                select={false}
                value=""
              />,
              <WithStyles(PasswordField)
                className="ProfileForm-row-1"
                error={false}
                helperText={undefined}
                label="Password"
                name="password"
                onChange={[Function]}
                required={true}
                value=""
              />,
              <TextField
                className="ProfileForm-row-1"
                error={false}
                helperText={undefined}
                label="Screen name"
                name="nickname"
                onChange={[Function]}
                required={true}
                select={false}
                value=""
              />,
              <TextField
                className="ProfileForm-row-1"
                error={false}
                helperText={undefined}
                label="Phone number"
                name="phone"
                onChange={[Function]}
                required={false}
                select={false}
                value=""
              />,
              <TextField
                className="ProfileForm-row-1"
                error={false}
                helperText={undefined}
                label="Email"
                name="email"
                onChange={[Function]}
                required={true}
                select={false}
                value=""
              />,
              <WithStyles(FormControl)
                className="ProfileForm-radioRow-2"
                component="fieldset"
                required={true}
              >
                <WithStyles(FormLabel)
                  component="legend"
                >
                  Gender
                </WithStyles(FormLabel)>
                <RadioGroup
                  name="gender"
                  onChange={[Function]}
                  row={true}
                  value="Male"
                >
                  <WithStyles(FormControlLabel)
                    control={<WithStyles(Radio) />}
                    label="Male"
                    value="Male"
                  />
                  <WithStyles(FormControlLabel)
                    control={<WithStyles(Radio) />}
                    label="Female"
                    value="Female"
                  />
                </RadioGroup>
              </WithStyles(FormControl)>,
              <TextField
                className="ProfileForm-row-1"
                error={false}
                helperText={undefined}
                label="Birth year"
                name="birthYear"
                onChange={[Function]}
                required={false}
                select={false}
                value=""
              />,
              <TextField
                className="ProfileForm-row-1"
                label="Area"
                name="area"
                onChange={[Function]}
                required={false}
                select={false}
                value=""
              />,
              <CheckboxGroup
                className="ProfileForm-checkboxRow-3"
                data={
                  Object {
                    "English": false,
                    "Finnish": false,
                    "Russian": false,
                    "Swedish": false,
                  }
                }
                label="Languages"
                onChange={[Function]}
              />,
              <WithStyles(FormControl)
                className="ProfileForm-formControl-4"
              >
                <WithStyles(InputLabel)
                  htmlFor="name-multiple"
                >
                  Skills
                </WithStyles(InputLabel)>
                <WithStyles(Select)
                  className="ProfileForm-row-1"
                  input={
                    <WithStyles(Input)
                      id="name-multiple"
                    />
                  }
                  multiple={true}
                  onChange={[Function]}
                  value={Array []}
                >
                  <WithStyles(MenuItem)
                    value="Cooking"
                  >
                    Cooking
                  </WithStyles(MenuItem)>
                  <WithStyles(MenuItem)
                    value="Baby sitting"
                  >
                    Baby sitting
                  </WithStyles(MenuItem)>
                  <WithStyles(MenuItem)
                    value="Parenting"
                  >
                    Parenting
                  </WithStyles(MenuItem)>
                  <WithStyles(MenuItem)
                    value="Legal"
                  >
                    Legal
                  </WithStyles(MenuItem)>
                  <WithStyles(MenuItem)
                    value="Education"
                  >
                    Education
                  </WithStyles(MenuItem)>
                  <WithStyles(MenuItem)
                    value="Cleaning"
                  >
                    Cleaning
                  </WithStyles(MenuItem)>
                </WithStyles(Select)>
              </WithStyles(FormControl)>,
              <CheckboxGroup
                className="ProfileForm-checkboxRow-3"
                data={
                  Object {
                    "Email": false,
                    "Phone": false,
                  }
                }
                label="Communication channels"
                onChange={[Function]}
              />,
              <TextField
                className="ProfileForm-row-1"
                helperText="Tell something about yourself"
                label="Story"
                multiline={true}
                name="story"
                onChange={[Function]}
                required={false}
                rows="1"
                rowsMax="8"
                select={false}
                value=""
              />,
            ],
          },
          "ref": null,
          "rendered": Array [
            Object {
              "instance": null,
              "key": undefined,
              "nodeType": "class",
              "props": Object {
                "children": Array [
                  <WithStyles(FormLabel)
                    component="legend"
                  >
                    Account type
                  </WithStyles(FormLabel)>,
                  <RadioGroup
                    name="role"
                    onChange={[Function]}
                    row={true}
                    value="Mentee"
                  >
                    <WithStyles(FormControlLabel)
                      control={<WithStyles(Radio) />}
                      label="Mentee"
                      value="Mentee"
                    />
                    <WithStyles(FormControlLabel)
                      control={<WithStyles(Radio) />}
                      label="Mentor"
                      value="Mentor"
                    />
                    <WithStyles(FormControlLabel)
                      control={<WithStyles(Radio) />}
                      label="Admin"
                      value="Admin"
                    />
                  </RadioGroup>,
                ],
                "className": "ProfileForm-radioRow-2",
                "component": "fieldset",
                "required": true,
              },
              "ref": null,
              "rendered": Array [
                Object {
                  "instance": null,
                  "key": undefined,
                  "nodeType": "class",
                  "props": Object {
                    "children": "Account type",
                    "component": "legend",
                  },
                  "ref": null,
                  "rendered": "Account type",
                  "type": [Function],
                },
                Object {
                  "instance": null,
                  "key": undefined,
                  "nodeType": "class",
                  "props": Object {
                    "children": Array [
                      <WithStyles(FormControlLabel)
                        control={<WithStyles(Radio) />}
                        label="Mentee"
                        value="Mentee"
                      />,
                      <WithStyles(FormControlLabel)
                        control={<WithStyles(Radio) />}
                        label="Mentor"
                        value="Mentor"
                      />,
                      <WithStyles(FormControlLabel)
                        control={<WithStyles(Radio) />}
                        label="Admin"
                        value="Admin"
                      />,
                    ],
                    "name": "role",
                    "onChange": [Function],
                    "row": true,
                    "value": "Mentee",
                  },
                  "ref": null,
                  "rendered": Array [
                    Object {
                      "instance": null,
                      "key": "Mentee",
                      "nodeType": "class",
                      "props": Object {
                        "control": <WithStyles(Radio) />,
                        "label": "Mentee",
                        "value": "Mentee",
                      },
                      "ref": null,
                      "rendered": null,
                      "type": [Function],
                    },
                    Object {
                      "instance": null,
                      "key": "Mentor",
                      "nodeType": "class",
                      "props": Object {
                        "control": <WithStyles(Radio) />,
                        "label": "Mentor",
                        "value": "Mentor",
                      },
                      "ref": null,
                      "rendered": null,
                      "type": [Function],
                    },
                    Object {
                      "instance": null,
                      "key": "Admin",
                      "nodeType": "class",
                      "props": Object {
                        "control": <WithStyles(Radio) />,
                        "label": "Admin",
                        "value": "Admin",
                      },
                      "ref": null,
                      "rendered": null,
                      "type": [Function],
                    },
                  ],
                  "type": [Function],
                },
              ],
              "type": [Function],
            },
            Object {
              "instance": null,
              "key": undefined,
              "nodeType": "function",
              "props": Object {
                "className": "ProfileForm-row-1",
                "error": false,
                "helperText": undefined,
                "label": "Username",
                "name": "username",
                "onChange": [Function],
                "required": true,
                "select": false,
                "value": "",
              },
              "ref": null,
              "rendered": null,
              "type": [Function],
            },
            Object {
              "instance": null,
              "key": undefined,
              "nodeType": "class",
              "props": Object {
                "className": "ProfileForm-row-1",
                "error": false,
                "helperText": undefined,
                "label": "Password",
                "name": "password",
                "onChange": [Function],
                "required": true,
                "value": "",
              },
              "ref": null,
              "rendered": null,
              "type": [Function],
            },
            Object {
              "instance": null,
              "key": undefined,
              "nodeType": "function",
              "props": Object {
                "className": "ProfileForm-row-1",
                "error": false,
                "helperText": undefined,
                "label": "Screen name",
                "name": "nickname",
                "onChange": [Function],
                "required": true,
                "select": false,
                "value": "",
              },
              "ref": null,
              "rendered": null,
              "type": [Function],
            },
            Object {
              "instance": null,
              "key": undefined,
              "nodeType": "function",
              "props": Object {
                "className": "ProfileForm-row-1",
                "error": false,
                "helperText": undefined,
                "label": "Phone number",
                "name": "phone",
                "onChange": [Function],
                "required": false,
                "select": false,
                "value": "",
              },
              "ref": null,
              "rendered": null,
              "type": [Function],
            },
            Object {
              "instance": null,
              "key": undefined,
              "nodeType": "function",
              "props": Object {
                "className": "ProfileForm-row-1",
                "error": false,
                "helperText": undefined,
                "label": "Email",
                "name": "email",
                "onChange": [Function],
                "required": true,
                "select": false,
                "value": "",
              },
              "ref": null,
              "rendered": null,
              "type": [Function],
            },
            Object {
              "instance": null,
              "key": undefined,
              "nodeType": "class",
              "props": Object {
                "children": Array [
                  <WithStyles(FormLabel)
                    component="legend"
                  >
                    Gender
                  </WithStyles(FormLabel)>,
                  <RadioGroup
                    name="gender"
                    onChange={[Function]}
                    row={true}
                    value="Male"
                  >
                    <WithStyles(FormControlLabel)
                      control={<WithStyles(Radio) />}
                      label="Male"
                      value="Male"
                    />
                    <WithStyles(FormControlLabel)
                      control={<WithStyles(Radio) />}
                      label="Female"
                      value="Female"
                    />
                  </RadioGroup>,
                ],
                "className": "ProfileForm-radioRow-2",
                "component": "fieldset",
                "required": true,
              },
              "ref": null,
              "rendered": Array [
                Object {
                  "instance": null,
                  "key": undefined,
                  "nodeType": "class",
                  "props": Object {
                    "children": "Gender",
                    "component": "legend",
                  },
                  "ref": null,
                  "rendered": "Gender",
                  "type": [Function],
                },
                Object {
                  "instance": null,
                  "key": undefined,
                  "nodeType": "class",
                  "props": Object {
                    "children": Array [
                      <WithStyles(FormControlLabel)
                        control={<WithStyles(Radio) />}
                        label="Male"
                        value="Male"
                      />,
                      <WithStyles(FormControlLabel)
                        control={<WithStyles(Radio) />}
                        label="Female"
                        value="Female"
                      />,
                    ],
                    "name": "gender",
                    "onChange": [Function],
                    "row": true,
                    "value": "Male",
                  },
                  "ref": null,
                  "rendered": Array [
                    Object {
                      "instance": null,
                      "key": "Male",
                      "nodeType": "class",
                      "props": Object {
                        "control": <WithStyles(Radio) />,
                        "label": "Male",
                        "value": "Male",
                      },
                      "ref": null,
                      "rendered": null,
                      "type": [Function],
                    },
                    Object {
                      "instance": null,
                      "key": "Female",
                      "nodeType": "class",
                      "props": Object {
                        "control": <WithStyles(Radio) />,
                        "label": "Female",
                        "value": "Female",
                      },
                      "ref": null,
                      "rendered": null,
                      "type": [Function],
                    },
                  ],
                  "type": [Function],
                },
              ],
              "type": [Function],
            },
            Object {
              "instance": null,
              "key": undefined,
              "nodeType": "function",
              "props": Object {
                "className": "ProfileForm-row-1",
                "error": false,
                "helperText": undefined,
                "label": "Birth year",
                "name": "birthYear",
                "onChange": [Function],
                "required": false,
                "select": false,
                "value": "",
              },
              "ref": null,
              "rendered": null,
              "type": [Function],
            },
            Object {
              "instance": null,
              "key": undefined,
              "nodeType": "function",
              "props": Object {
                "className": "ProfileForm-row-1",
                "label": "Area",
                "name": "area",
                "onChange": [Function],
                "required": false,
                "select": false,
                "value": "",
              },
              "ref": null,
              "rendered": null,
              "type": [Function],
            },
            Object {
              "instance": null,
              "key": undefined,
              "nodeType": "function",
              "props": Object {
                "className": "ProfileForm-checkboxRow-3",
                "data": Object {
                  "English": false,
                  "Finnish": false,
                  "Russian": false,
                  "Swedish": false,
                },
                "label": "Languages",
                "onChange": [Function],
              },
              "ref": null,
              "rendered": null,
              "type": [Function],
            },
            Object {
              "instance": null,
              "key": undefined,
              "nodeType": "class",
              "props": Object {
                "children": Array [
                  <WithStyles(InputLabel)
                    htmlFor="name-multiple"
                  >
                    Skills
                  </WithStyles(InputLabel)>,
                  <WithStyles(Select)
                    className="ProfileForm-row-1"
                    input={
                      <WithStyles(Input)
                        id="name-multiple"
                      />
                    }
                    multiple={true}
                    onChange={[Function]}
                    value={Array []}
                  >
                    <WithStyles(MenuItem)
                      value="Cooking"
                    >
                      Cooking
                    </WithStyles(MenuItem)>
                    <WithStyles(MenuItem)
                      value="Baby sitting"
                    >
                      Baby sitting
                    </WithStyles(MenuItem)>
                    <WithStyles(MenuItem)
                      value="Parenting"
                    >
                      Parenting
                    </WithStyles(MenuItem)>
                    <WithStyles(MenuItem)
                      value="Legal"
                    >
                      Legal
                    </WithStyles(MenuItem)>
                    <WithStyles(MenuItem)
                      value="Education"
                    >
                      Education
                    </WithStyles(MenuItem)>
                    <WithStyles(MenuItem)
                      value="Cleaning"
                    >
                      Cleaning
                    </WithStyles(MenuItem)>
                  </WithStyles(Select)>,
                ],
                "className": "ProfileForm-formControl-4",
              },
              "ref": null,
              "rendered": Array [
                Object {
                  "instance": null,
                  "key": undefined,
                  "nodeType": "class",
                  "props": Object {
                    "children": "Skills",
                    "htmlFor": "name-multiple",
                  },
                  "ref": null,
                  "rendered": "Skills",
                  "type": [Function],
                },
                Object {
                  "instance": null,
                  "key": undefined,
                  "nodeType": "class",
                  "props": Object {
                    "children": Array [
                      <WithStyles(MenuItem)
                        value="Cooking"
                      >
                        Cooking
                      </WithStyles(MenuItem)>,
                      <WithStyles(MenuItem)
                        value="Baby sitting"
                      >
                        Baby sitting
                      </WithStyles(MenuItem)>,
                      <WithStyles(MenuItem)
                        value="Parenting"
                      >
                        Parenting
                      </WithStyles(MenuItem)>,
                      <WithStyles(MenuItem)
                        value="Legal"
                      >
                        Legal
                      </WithStyles(MenuItem)>,
                      <WithStyles(MenuItem)
                        value="Education"
                      >
                        Education
                      </WithStyles(MenuItem)>,
                      <WithStyles(MenuItem)
                        value="Cleaning"
                      >
                        Cleaning
                      </WithStyles(MenuItem)>,
                    ],
                    "className": "ProfileForm-row-1",
                    "input": <WithStyles(Input)
                      id="name-multiple"
                    />,
                    "multiple": true,
                    "onChange": [Function],
                    "value": Array [],
                  },
                  "ref": null,
                  "rendered": Array [
                    Object {
                      "instance": null,
                      "key": "Cooking",
                      "nodeType": "class",
                      "props": Object {
                        "children": "Cooking",
                        "value": "Cooking",
                      },
                      "ref": null,
                      "rendered": "Cooking",
                      "type": [Function],
                    },
                    Object {
                      "instance": null,
                      "key": "Baby sitting",
                      "nodeType": "class",
                      "props": Object {
                        "children": "Baby sitting",
                        "value": "Baby sitting",
                      },
                      "ref": null,
                      "rendered": "Baby sitting",
                      "type": [Function],
                    },
                    Object {
                      "instance": null,
                      "key": "Parenting",
                      "nodeType": "class",
                      "props": Object {
                        "children": "Parenting",
                        "value": "Parenting",
                      },
                      "ref": null,
                      "rendered": "Parenting",
                      "type": [Function],
                    },
                    Object {
                      "instance": null,
                      "key": "Legal",
                      "nodeType": "class",
                      "props": Object {
                        "children": "Legal",
                        "value": "Legal",
                      },
                      "ref": null,
                      "rendered": "Legal",
                      "type": [Function],
                    },
                    Object {
                      "instance": null,
                      "key": "Education",
                      "nodeType": "class",
                      "props": Object {
                        "children": "Education",
                        "value": "Education",
                      },
                      "ref": null,
                      "rendered": "Education",
                      "type": [Function],
                    },
                    Object {
                      "instance": null,
                      "key": "Cleaning",
                      "nodeType": "class",
                      "props": Object {
                        "children": "Cleaning",
                        "value": "Cleaning",
                      },
                      "ref": null,
                      "rendered": "Cleaning",
                      "type": [Function],
                    },
                  ],
                  "type": [Function],
                },
              ],
              "type": [Function],
            },
            Object {
              "instance": null,
              "key": undefined,
              "nodeType": "function",
              "props": Object {
                "className": "ProfileForm-checkboxRow-3",
                "data": Object {
                  "Email": false,
                  "Phone": false,
                },
                "label": "Communication channels",
                "onChange": [Function],
              },
              "ref": null,
              "rendered": null,
              "type": [Function],
            },
            Object {
              "instance": null,
              "key": undefined,
              "nodeType": "function",
              "props": Object {
                "className": "ProfileForm-row-1",
                "helperText": "Tell something about yourself",
                "label": "Story",
                "multiline": true,
                "name": "story",
                "onChange": [Function],
                "required": false,
                "rows": "1",
                "rowsMax": "8",
                "select": false,
                "value": "",
              },
              "ref": null,
              "rendered": null,
              "type": [Function],
            },
          ],
          "type": [Function],
        },
        Object {
          "instance": null,
          "key": undefined,
          "nodeType": "class",
          "props": Object {
            "children": Array [
              "Create",
              <pure(Save)
                className="ProfileForm-buttonIcon-6"
              />,
            ],
            "className": "ProfileForm-button-5",
            "color": "primary",
            "disabled": true,
            "onClick": [Function],
            "variant": "raised",
          },
          "ref": null,
          "rendered": Array [
            "Create",
            Object {
              "instance": null,
              "key": undefined,
              "nodeType": "class",
              "props": Object {
                "className": "ProfileForm-buttonIcon-6",
              },
              "ref": null,
              "rendered": null,
              "type": [Function],
            },
          ],
          "type": [Function],
        },
        Object {
          "instance": null,
          "key": undefined,
          "nodeType": "class",
          "props": Object {
            "action": <WithStyles(IconButton)
              color="inherit"
              onClick={[Function]}
            >
              <pure(Close) />
            </WithStyles(IconButton)>,
            "autoHideDuration": 3000,
            "message": "",
            "onClose": [Function],
            "open": false,
          },
          "ref": null,
          "rendered": null,
          "type": [Function],
        },
      ],
      "type": "form",
    },
  ],
  Symbol(enzyme.__options__): Object {
    "adapter": ReactSixteenAdapter {
      "options": Object {
        "enableComponentDidUpdateOnSetState": true,
      },
    },
  },
}
`;
